


materialPath: C:\Program Files (x86)\Steam\steamapps\common\Alien Swarm\swarm\materials
Loading c:\program files (x86)\steam\steamapps\common\dota 2 beta\mapsrc\test\test.vmf
fixing up env_cubemap materials on brush sides...
0...1...2...3...4...5...6...7...8...9...100...1...2...3...4...5...6...7...8...9...10Processing areas...done (0)
Building Faces...done (0)
FixTjuncs...
PruneNodes...
WriteBSP...
done (0)
writing c:\program files (x86)\steam\steamapps\common\dota 2 beta\mapsrc\test\test.prt...Building visibility clusters...
done (0)
Finding displacement neighbors...
Finding lightmap sample positions...
Displacement Alpha : 0...1...2...3...4...5...6...7...8...9...10
Building Physics collision data...
done (0) (2860 bytes)
Placing detail props : 0...1...2...3...4...5...6...7...8...9...10
Compacting texture/material tables...
Reduced 20 texinfos to 6
Reduced 4 texdatas to 4 (77 bytes to 77)
Writing c:\program files (x86)\steam\steamapps\common\dota 2 beta\mapsrc\test\test.bsp
0 seconds elapsed
